[debug] [2026-04-17T13:37:16.424Z] ----------------------------------------------------------------------
[debug] [2026-04-17T13:37:16.425Z] Command:       /usr/local/bin/node /Users/yxk/Downloads/yxkapp/test1/functions/node_modules/.bin/firebase emulators:start
[debug] [2026-04-17T13:37:16.425Z] CLI Version:   15.14.0
[debug] [2026-04-17T13:37:16.425Z] Platform:      darwin
[debug] [2026-04-17T13:37:16.425Z] Node Version:  v22.14.0
[debug] [2026-04-17T13:37:16.426Z] Time:          Fri Apr 17 2026 21:37:16 GMT+0800 (中国标准时间)
[debug] [2026-04-17T13:37:16.426Z] ----------------------------------------------------------------------
[debug] 
[debug] [2026-04-17T13:37:16.426Z] >>> [apiv2][query] GET https://firebase-public.firebaseio.com/cli.json [none]
[debug] [2026-04-17T13:37:16.966Z] > command requires scopes: ["email","openid","https://www.googleapis.com/auth/cloudplatformprojects.readonly","https://www.googleapis.com/auth/firebase","https://www.googleapis.com/auth/cloud-platform"]
[debug] [2026-04-17T13:37:16.966Z] > authorizing via signed-in user (yuxinke720@gmail.com)
[info] i  emulators: Starting emulators: auth, functions, extensions {"metadata":{"emulator":{"name":"hub"},"message":"Starting emulators: auth, functions, extensions"}}
[debug] [2026-04-17T13:37:16.969Z] Checked if tokens are valid: false, expires at: 1776338067779
[debug] [2026-04-17T13:37:16.969Z] Checked if tokens are valid: false, expires at: 1776338067779
[debug] [2026-04-17T13:37:16.969Z] > refreshing access token with scopes: []
[debug] [2026-04-17T13:37:16.970Z] >>> [apiv2][query] POST https://www.googleapis.com/oauth2/v3/token [none]
[debug] [2026-04-17T13:37:16.970Z] >>> [apiv2][body] POST https://www.googleapis.com/oauth2/v3/token [omitted]
[debug] [2026-04-17T13:37:17.883Z] <<< [apiv2][status] POST https://www.googleapis.com/oauth2/v3/token 200
[debug] [2026-04-17T13:37:17.884Z] <<< [apiv2][body] POST https://www.googleapis.com/oauth2/v3/token [omitted]
[debug] [2026-04-17T13:37:17.897Z] >>> [apiv2][query] GET https://serviceusage.googleapis.com/v1/projects/storyme-app-d02d2/services/cloudresourcemanager.googleapis.com [none]
[debug] [2026-04-17T13:37:17.897Z] >>> [apiv2][(partial)header] GET https://serviceusage.googleapis.com/v1/projects/storyme-app-d02d2/services/cloudresourcemanager.googleapis.com  x-goog-user-project=storyme-app-d02d2
[debug] [2026-04-17T13:37:18.264Z] <<< [apiv2][status] GET https://firebase-public.firebaseio.com/cli.json 200
[debug] [2026-04-17T13:37:18.265Z] <<< [apiv2][body] GET https://firebase-public.firebaseio.com/cli.json {"cloudBuildErrorAfter":1594252800000,"cloudBuildWarnAfter":1590019200000,"defaultNode10After":1594252800000,"minVersion":"3.0.5","node8DeploysDisabledAfter":1613390400000,"node8RuntimeDisabledAfter":1615809600000,"node8WarnAfter":1600128000000}
[debug] [2026-04-17T13:37:18.759Z] <<< [apiv2][status] GET https://serviceusage.googleapis.com/v1/projects/storyme-app-d02d2/services/cloudresourcemanager.googleapis.com 200
[debug] [2026-04-17T13:37:18.760Z] <<< [apiv2][body] GET https://serviceusage.googleapis.com/v1/projects/storyme-app-d02d2/services/cloudresourcemanager.googleapis.com [omitted]
[debug] [2026-04-17T13:37:18.768Z] Checked if tokens are valid: true, expires at: 1776436636884
[debug] [2026-04-17T13:37:18.768Z] Checked if tokens are valid: true, expires at: 1776436636884
[debug] [2026-04-17T13:37:18.769Z] >>> [apiv2][query] GET https://cloudresourcemanager.googleapis.com/v1/projects/storyme-app-d02d2 [none]
[debug] [2026-04-17T13:37:19.460Z] <<< [apiv2][status] GET https://cloudresourcemanager.googleapis.com/v1/projects/storyme-app-d02d2 200
[debug] [2026-04-17T13:37:19.460Z] <<< [apiv2][body] GET https://cloudresourcemanager.googleapis.com/v1/projects/storyme-app-d02d2 {"projectNumber":"25654831343","projectId":"storyme-app-d02d2","lifecycleState":"ACTIVE","name":"storyme App","labels":{"firebase":"enabled","firebase-core":"disabled"},"createTime":"2026-04-14T11:35:48.991Z"}
[debug] [2026-04-17T13:37:19.815Z] [logging] Logging Emulator only supports listening on one address (127.0.0.1). Not listening on ::1
[debug] [2026-04-17T13:37:19.815Z] [auth] Authentication Emulator only supports listening on one address (127.0.0.1). Not listening on ::1
[debug] [2026-04-17T13:37:19.815Z] assigned listening specs for emulators {"user":{"hub":[{"address":"127.0.0.1","family":"IPv4","port":4400},{"address":"::1","family":"IPv6","port":4400}],"ui":[{"address":"127.0.0.1","family":"IPv4","port":4000},{"address":"::1","family":"IPv6","port":4000}],"logging":[{"address":"127.0.0.1","family":"IPv4","port":4500}],"auth":[{"address":"127.0.0.1","family":"IPv4","port":9099}]},"metadata":{"message":"assigned listening specs for emulators"}}
[debug] [2026-04-17T13:37:19.817Z] Write emulator hub locator at /var/folders/sz/qxcgz26534x79qtn2k14_3180000gn/T/hub-storyme-app-d02d2.json
[debug] [2026-04-17T13:37:19.818Z] [Extensions] Started Extensions emulator, this is a noop.
[debug] [2026-04-17T13:37:20.045Z] [functions] Functions Emulator only supports listening on one address (127.0.0.1). Not listening on ::1
[debug] [2026-04-17T13:37:20.045Z] [eventarc] Eventarc Emulator only supports listening on one address (127.0.0.1). Not listening on ::1
[debug] [2026-04-17T13:37:20.046Z] [tasks] Cloud Tasks Emulator only supports listening on one address (127.0.0.1). Not listening on ::1
[debug] [2026-04-17T13:37:20.046Z] late-assigned ports for functions and eventarc emulators {"user":{"hub":[{"address":"127.0.0.1","family":"IPv4","port":4400},{"address":"::1","family":"IPv6","port":4400}],"ui":[{"address":"127.0.0.1","family":"IPv4","port":4000},{"address":"::1","family":"IPv6","port":4000}],"logging":[{"address":"127.0.0.1","family":"IPv4","port":4500}],"auth":[{"address":"127.0.0.1","family":"IPv4","port":9099}],"functions":[{"address":"127.0.0.1","family":"IPv4","port":5001}],"eventarc":[{"address":"127.0.0.1","family":"IPv4","port":9299}],"tasks":[{"address":"127.0.0.1","family":"IPv4","port":9499}]},"metadata":{"message":"late-assigned ports for functions and eventarc emulators"}}
[warn] ⚠  functions: The following emulators are not running, calls to these services from the Functions emulator will affect production: apphosting, firestore, database, hosting, pubsub, storage, dataconnect {"metadata":{"emulator":{"name":"functions"},"message":"The following emulators are not running, calls to these services from the Functions emulator will affect production: \u001b[1mapphosting, firestore, database, hosting, pubsub, storage, dataconnect\u001b[22m"}}
[debug] [2026-04-17T13:37:20.294Z] defaultcredentials: writing to file /Users/yxk/.config/firebase/yuxinke720_gmail_com_application_default_credentials.json
[debug] [2026-04-17T13:37:20.296Z] Setting GAC to /Users/yxk/.config/firebase/yuxinke720_gmail_com_application_default_credentials.json {"metadata":{"emulator":{"name":"functions"},"message":"Setting GAC to /Users/yxk/.config/firebase/yuxinke720_gmail_com_application_default_credentials.json"}}
[debug] [2026-04-17T13:37:20.297Z] Checked if tokens are valid: true, expires at: 1776436636884
[debug] [2026-04-17T13:37:20.297Z] Checked if tokens are valid: true, expires at: 1776436636884
[debug] [2026-04-17T13:37:20.297Z] >>> [apiv2][query] GET https://firebase.googleapis.com/v1beta1/projects/storyme-app-d02d2/adminSdkConfig [none]
[debug] [2026-04-17T13:37:20.886Z] <<< [apiv2][status] GET https://firebase.googleapis.com/v1beta1/projects/storyme-app-d02d2/adminSdkConfig 200
[debug] [2026-04-17T13:37:20.886Z] <<< [apiv2][body] GET https://firebase.googleapis.com/v1beta1/projects/storyme-app-d02d2/adminSdkConfig {"projectId":"storyme-app-d02d2","storageBucket":"storyme-app-d02d2.firebasestorage.app"}
[debug] [2026-04-17T13:37:22.914Z] [Extensions] Connecting Extensions emulator, this is a noop.
[info] i  functions: Watching "/Users/yxk/Downloads/yxkapp/test1/functions" for Cloud Functions... {"metadata":{"emulator":{"name":"functions"},"message":"Watching \"/Users/yxk/Downloads/yxkapp/test1/functions\" for Cloud Functions..."}}
[debug] [2026-04-17T13:37:22.914Z] Validating nodejs source
[warn] ⚠  functions: package.json indicates an outdated version of firebase-functions. Please upgrade using npm install --save firebase-functions@latest in your functions directory. 
[warn] ⚠  functions: Please note that there will be breaking changes when you upgrade. 
[debug] [2026-04-17T13:37:23.306Z] > [functions] package.json contents: {
  "name": "storyme-functions",
  "scripts": {
    "build": "tsc",
    "build:watch": "tsc --watch",
    "serve": "npm run build && firebase emulators:start --only functions",
    "shell": "npm run build && firebase functions:shell",
    "start": "npm run shell",
    "deploy": "firebase deploy --only functions",
    "logs": "firebase functions:log"
  },
  "engines": {
    "node": "20"
  },
  "main": "lib/index.js",
  "dependencies": {
    "firebase-admin": "^12.0.0",
    "firebase-functions": "^5.0.0"
  },
  "devDependencies": {
    "firebase-functions-test": "^3.3.0",
    "firebase-tools": "^15.14.0",
    "typescript": "^5.4.0"
  },
  "private": true
}
[debug] [2026-04-17T13:37:23.306Z] Building nodejs source
[debug] [2026-04-17T13:37:23.306Z] Failed to find version of module node: reached end of search path /Users/yxk/Downloads/yxkapp/test1/functions/node_modules
[warn] ⚠  functions: Your requested "node" version "20" doesn't match your global version "22". Using node@22 from host. 
[info] i  functions: Loaded environment variables from .env. 
[debug] [2026-04-17T13:37:23.308Z] Could not find functions.yaml. Must use http discovery
[debug] [2026-04-17T13:37:23.311Z] Found firebase-functions binary at '/Users/yxk/Downloads/yxkapp/test1/functions/node_modules/.bin/firebase-functions'
[info] Serving at port 8165

[debug] [2026-04-17T13:37:23.448Z] Got response from /__/functions.yaml {"endpoints":{"generateStory":{"availableMemoryMb":null,"timeoutSeconds":null,"minInstances":null,"maxInstances":null,"ingressSettings":null,"concurrency":null,"serviceAccountEmail":null,"vpc":null,"platform":"gcfv2","region":["asia-northeast1"],"labels":{},"callableTrigger":{},"entryPoint":"generateStory"},"analyzeAppearance":{"availableMemoryMb":null,"timeoutSeconds":null,"minInstances":null,"maxInstances":null,"ingressSettings":null,"concurrency":null,"serviceAccountEmail":null,"vpc":null,"platform":"gcfv2","region":["asia-northeast1"],"labels":{},"callableTrigger":{},"entryPoint":"analyzeAppearance"},"generateImage":{"availableMemoryMb":null,"timeoutSeconds":120,"minInstances":null,"maxInstances":null,"ingressSettings":null,"concurrency":null,"serviceAccountEmail":null,"vpc":null,"platform":"gcfv2","region":["asia-northeast1"],"labels":{},"callableTrigger":{},"entryPoint":"generateImage"}},"specVersion":"v1alpha1","requiredAPIs":[],"extensions":{}}
[debug] [2026-04-17T13:37:27.469Z] defaultcredentials: writing to file /Users/yxk/.config/firebase/yuxinke720_gmail_com_application_default_credentials.json
[debug] [2026-04-17T13:37:27.469Z] Setting GAC to /Users/yxk/.config/firebase/yuxinke720_gmail_com_application_default_credentials.json {"metadata":{"emulator":{"name":"functions"},"message":"Setting GAC to /Users/yxk/.config/firebase/yuxinke720_gmail_com_application_default_credentials.json"}}
[info] ✔  functions: Loaded functions definitions from source: generateStory, analyzeAppearance, generateImage. {"metadata":{"emulator":{"name":"functions"},"message":"Loaded functions definitions from source: generateStory, analyzeAppearance, generateImage."}}
[info] ✔  functions[asia-northeast1-generateStory]: http function initialized (http://127.0.0.1:5001/storyme-app-d02d2/asia-northeast1/generateStory). {"metadata":{"emulator":{"name":"functions"},"message":"\u001b[1mhttp\u001b[22m function initialized (http://127.0.0.1:5001/storyme-app-d02d2/asia-northeast1/generateStory)."}}
[info] ✔  functions[asia-northeast1-analyzeAppearance]: http function initialized (http://127.0.0.1:5001/storyme-app-d02d2/asia-northeast1/analyzeAppearance). {"metadata":{"emulator":{"name":"functions"},"message":"\u001b[1mhttp\u001b[22m function initialized (http://127.0.0.1:5001/storyme-app-d02d2/asia-northeast1/analyzeAppearance)."}}
[info] ✔  functions[asia-northeast1-generateImage]: http function initialized (http://127.0.0.1:5001/storyme-app-d02d2/asia-northeast1/generateImage). {"metadata":{"emulator":{"name":"functions"},"message":"\u001b[1mhttp\u001b[22m function initialized (http://127.0.0.1:5001/storyme-app-d02d2/asia-northeast1/generateImage)."}}
[debug] [2026-04-17T13:37:27.480Z] Could not find VSCode notification endpoint: FetchError: request to http://localhost:40001/vscode/notify failed, reason: . If you are not running the Firebase Data Connect VSCode extension, this is expected and not an issue.
[info] 
┌─────────────────────────────────────────────────────────────┐
│ ✔  All emulators ready! It is now safe to connect your app. │
│ i  View Emulator UI at http://127.0.0.1:4000/               │
└─────────────────────────────────────────────────────────────┘

┌────────────────┬────────────────┬──────────────────────────────────┐
│ Emulator       │ Host:Port      │ View in Emulator UI              │
├────────────────┼────────────────┼──────────────────────────────────┤
│ Authentication │ 127.0.0.1:9099 │ http://127.0.0.1:4000/auth       │
├────────────────┼────────────────┼──────────────────────────────────┤
│ Functions      │ 127.0.0.1:5001 │ http://127.0.0.1:4000/functions  │
├────────────────┼────────────────┼──────────────────────────────────┤
│ Extensions     │ 127.0.0.1:5001 │ http://127.0.0.1:4000/extensions │
└────────────────┴────────────────┴──────────────────────────────────┘
  Emulator Hub host: 127.0.0.1 port: 4400
  Other reserved ports: 4500
┌─────────────────────────┬───────────────┬─────────────────────┐
│ Extension Instance Name │ Extension Ref │ View in Emulator UI │
└─────────────────────────┴───────────────┴─────────────────────┘
Issues? Report them at https://github.com/firebase/firebase-tools/issues and attach the *-debug.log files.
 
[debug] [2026-04-17T13:38:56.063Z] >>> [apiv2][query] POST http://127.0.0.1:5001/functions/projects/storyme-app-d02d2/trigger_multicast [none]
[debug] [2026-04-17T13:38:56.063Z] >>> [apiv2][body] POST http://127.0.0.1:5001/functions/projects/storyme-app-d02d2/trigger_multicast {"eventId":"a6cd9c8a-45ec-4f18-97f8-88edc0c62835","eventType":"providers/firebase.auth/eventTypes/user.create","resource":{"name":"projects/storyme-app-d02d2","service":"firebaseauth.googleapis.com"},"params":{},"timestamp":"2026-04-17T13:38:56.061Z","data":{"uid":"74Y5BYLeuYN0C75yxCuXdOjvyhsO","email":"q@test.com","emailVerified":false,"metadata":{"creationTime":"2026-04-17T13:38:56.060Z","lastSignInTime":"2026-04-17T13:38:56.060Z"},"customClaims":{},"providerData":[{"rawId":"q@test.com","providerId":"password","email":"q@test.com","federatedId":"q@test.com"}]}}
[debug] [2026-04-17T13:38:56.094Z] <<< [apiv2][status] POST http://127.0.0.1:5001/functions/projects/storyme-app-d02d2/trigger_multicast 200
[debug] [2026-04-17T13:38:56.094Z] <<< [apiv2][body] POST http://127.0.0.1:5001/functions/projects/storyme-app-d02d2/trigger_multicast {"status":"multicast_acknowledged"}
[debug] [2026-04-18T04:58:49.701Z] [work-queue] {"queuedWork":["/storyme-app-d02d2/asia-northeast1/analyzeAppearance-2026-04-18T04:58:49.699Z"],"queueLength":1,"runningWork":[],"workRunningCount":0}
[debug] [2026-04-18T04:58:49.704Z] [work-queue] {"queuedWork":[],"queueLength":0,"runningWork":["/storyme-app-d02d2/asia-northeast1/analyzeAppearance-2026-04-18T04:58:49.699Z"],"workRunningCount":1}
[debug] [2026-04-18T04:58:49.706Z] Accepted request POST /storyme-app-d02d2/asia-northeast1/analyzeAppearance --> asia-northeast1-analyzeAppearance
[debug] [2026-04-18T04:58:49.709Z] [functions] Runtime ready! Sending request! {"metadata":{"emulator":{"name":"functions"},"message":"[functions] Runtime ready! Sending request!"}}
[debug] [2026-04-18T04:58:49.710Z] [functions] Got req.url=/storyme-app-d02d2/asia-northeast1/analyzeAppearance, mapping to path=/ {"metadata":{"emulator":{"name":"functions"},"message":"[functions] Got req.url=/storyme-app-d02d2/asia-northeast1/analyzeAppearance, mapping to path=/"}}
[info] i  functions: Loaded environment variables from .env. 
[debug] [2026-04-18T04:58:49.719Z] [worker-pool] addWorker(asia-northeast1-analyzeAppearance) {"metadata":{"emulator":{"name":"functions"},"message":"[worker-pool] addWorker(asia-northeast1-analyzeAppearance)"}}
[debug] [2026-04-18T04:58:49.719Z] [worker-pool] Adding worker with key asia-northeast1-analyzeAppearance, total=1 {"metadata":{"emulator":{"name":"functions"},"message":"[worker-pool] Adding worker with key asia-northeast1-analyzeAppearance, total=1"}}
[debug] [2026-04-18T04:58:50.405Z] [runtime-status] [56585] Resolved module firebase-admin {"declared":true,"installed":true,"version":"12.7.0","resolution":"/Users/yxk/Downloads/yxkapp/test1/functions/node_modules/firebase-admin/lib/index.js"} {"metadata":{"emulator":{"name":"functions"},"function":{"name":"asia-northeast1-analyzeAppearance"},"extension":{},"message":"[runtime-status] [56585] Resolved module firebase-admin {\"declared\":true,\"installed\":true,\"version\":\"12.7.0\",\"resolution\":\"/Users/yxk/Downloads/yxkapp/test1/functions/node_modules/firebase-admin/lib/index.js\"}"}}
[debug] [2026-04-18T04:58:50.407Z] [runtime-status] [56585] Resolved module firebase-functions {"declared":true,"installed":true,"version":"5.1.1","resolution":"/Users/yxk/Downloads/yxkapp/test1/functions/node_modules/firebase-functions/lib/v1/index.js"} {"metadata":{"emulator":{"name":"functions"},"function":{"name":"asia-northeast1-analyzeAppearance"},"extension":{},"message":"[runtime-status] [56585] Resolved module firebase-functions {\"declared\":true,\"installed\":true,\"version\":\"5.1.1\",\"resolution\":\"/Users/yxk/Downloads/yxkapp/test1/functions/node_modules/firebase-functions/lib/v1/index.js\"}"}}
[debug] [2026-04-18T04:58:50.407Z] [runtime-status] [56585] Outgoing network have been stubbed. [{"name":"http","status":"mocked"},{"name":"http","status":"mocked"},{"name":"https","status":"mocked"},{"name":"https","status":"mocked"},{"name":"net","status":"mocked"}] {"metadata":{"emulator":{"name":"functions"},"function":{"name":"asia-northeast1-analyzeAppearance"},"extension":{},"message":"[runtime-status] [56585] Outgoing network have been stubbed. [{\"name\":\"http\",\"status\":\"mocked\"},{\"name\":\"http\",\"status\":\"mocked\"},{\"name\":\"https\",\"status\":\"mocked\"},{\"name\":\"https\",\"status\":\"mocked\"},{\"name\":\"net\",\"status\":\"mocked\"}]"}}
[debug] [2026-04-18T04:58:50.407Z] [runtime-status] [56585] Resolved module firebase-functions {"declared":true,"installed":true,"version":"5.1.1","resolution":"/Users/yxk/Downloads/yxkapp/test1/functions/node_modules/firebase-functions/lib/v1/index.js"} {"metadata":{"emulator":{"name":"functions"},"function":{"name":"asia-northeast1-analyzeAppearance"},"extension":{},"message":"[runtime-status] [56585] Resolved module firebase-functions {\"declared\":true,\"installed\":true,\"version\":\"5.1.1\",\"resolution\":\"/Users/yxk/Downloads/yxkapp/test1/functions/node_modules/firebase-functions/lib/v1/index.js\"}"}}
[debug] [2026-04-18T04:58:50.461Z] [runtime-status] [56585] Resolved module firebase-admin {"declared":true,"installed":true,"version":"12.7.0","resolution":"/Users/yxk/Downloads/yxkapp/test1/functions/node_modules/firebase-admin/lib/index.js"} {"metadata":{"emulator":{"name":"functions"},"function":{"name":"asia-northeast1-analyzeAppearance"},"extension":{},"message":"[runtime-status] [56585] Resolved module firebase-admin {\"declared\":true,\"installed\":true,\"version\":\"12.7.0\",\"resolution\":\"/Users/yxk/Downloads/yxkapp/test1/functions/node_modules/firebase-admin/lib/index.js\"}"}}
[debug] [2026-04-18T04:58:50.462Z] [runtime-status] [56585] Resolved module firebase-functions {"declared":true,"installed":true,"version":"5.1.1","resolution":"/Users/yxk/Downloads/yxkapp/test1/functions/node_modules/firebase-functions/lib/v1/index.js"} {"metadata":{"emulator":{"name":"functions"},"function":{"name":"asia-northeast1-analyzeAppearance"},"extension":{},"message":"[runtime-status] [56585] Resolved module firebase-functions {\"declared\":true,\"installed\":true,\"version\":\"5.1.1\",\"resolution\":\"/Users/yxk/Downloads/yxkapp/test1/functions/node_modules/firebase-functions/lib/v1/index.js\"}"}}
[debug] [2026-04-18T04:58:50.527Z] [runtime-status] [56585] firebase-admin has been stubbed. {"adminResolution":{"declared":true,"installed":true,"version":"12.7.0","resolution":"/Users/yxk/Downloads/yxkapp/test1/functions/node_modules/firebase-admin/lib/index.js"}} {"metadata":{"emulator":{"name":"functions"},"function":{"name":"asia-northeast1-analyzeAppearance"},"extension":{},"message":"[runtime-status] [56585] firebase-admin has been stubbed. {\"adminResolution\":{\"declared\":true,\"installed\":true,\"version\":\"12.7.0\",\"resolution\":\"/Users/yxk/Downloads/yxkapp/test1/functions/node_modules/firebase-admin/lib/index.js\"}}"}}
[debug] [2026-04-18T04:58:50.532Z] [runtime-status] [56585] Functions runtime initialized. {"cwd":"/Users/yxk/Downloads/yxkapp/test1/functions","node_version":"22.14.0"} {"metadata":{"emulator":{"name":"functions"},"function":{"name":"asia-northeast1-analyzeAppearance"},"extension":{},"message":"[runtime-status] [56585] Functions runtime initialized. {\"cwd\":\"/Users/yxk/Downloads/yxkapp/test1/functions\",\"node_version\":\"22.14.0\"}"}}
[debug] [2026-04-18T04:58:50.532Z] [runtime-status] [56585] Listening to port: /var/folders/sz/qxcgz26534x79qtn2k14_3180000gn/T/fire_emu_d8eed6c321f3ec14.sock {"metadata":{"emulator":{"name":"functions"},"function":{"name":"asia-northeast1-analyzeAppearance"},"extension":{},"message":"[runtime-status] [56585] Listening to port: /var/folders/sz/qxcgz26534x79qtn2k14_3180000gn/T/fire_emu_d8eed6c321f3ec14.sock"}}
[debug] [2026-04-18T04:58:50.632Z] [worker-asia-northeast1-analyzeAppearance-bb276f7d-ecce-4664-b846-28b78b185036]: IDLE {"metadata":{"emulator":{"name":"functions"},"function":{"name":"asia-northeast1-analyzeAppearance"},"extension":{},"message":"[worker-asia-northeast1-analyzeAppearance-bb276f7d-ecce-4664-b846-28b78b185036]: IDLE"}}
[debug] [2026-04-18T04:58:50.633Z] [worker-pool] submitRequest(triggerId=asia-northeast1-analyzeAppearance) {"metadata":{"emulator":{"name":"functions"},"message":"[worker-pool] submitRequest(triggerId=asia-northeast1-analyzeAppearance)"}}
[info] i  functions: Beginning execution of "asia-northeast1-analyzeAppearance" {"metadata":{"emulator":{"name":"functions"},"function":{"name":"asia-northeast1-analyzeAppearance"},"extension":{},"message":"Beginning execution of \"asia-northeast1-analyzeAppearance\""}}
[debug] [2026-04-18T04:58:50.633Z] [worker-asia-northeast1-analyzeAppearance-bb276f7d-ecce-4664-b846-28b78b185036]: BUSY {"metadata":{"emulator":{"name":"functions"},"function":{"name":"asia-northeast1-analyzeAppearance"},"extension":{},"message":"[worker-asia-northeast1-analyzeAppearance-bb276f7d-ecce-4664-b846-28b78b185036]: BUSY"}}
[info] >  {"verifications":{"app":"MISSING","auth":"VALID"},"logging.googleapis.com/labels":{"firebase-log-type":"callable-request-verification"},"severity":"DEBUG","message":"Callable request verification passed"} {"user":{"verifications":{"app":"MISSING","auth":"VALID"},"logging.googleapis.com/labels":{"firebase-log-type":"callable-request-verification"},"severity":"DEBUG","message":"Callable request verification passed"},"metadata":{"emulator":{"name":"functions"},"function":{"name":"asia-northeast1-analyzeAppearance"},"extension":{},"message":"\u001b[90m> \u001b[39m {\"verifications\":{\"app\":\"MISSING\",\"auth\":\"VALID\"},\"logging.googleapis.com/labels\":{\"firebase-log-type\":\"callable-request-verification\"},\"severity\":\"DEBUG\",\"message\":\"Callable request verification passed\"}"}}
[info] >  {"promptLength":394,"imageCount":3,"prompt":"You are a children's book illustrator assistant. Analyze the child in these photos and return ONLY a concise appearance description in English (max 40 words). Cover: hair color and style, eye color/shape, skin tone, face shape. Example output: 'A young girl with curly auburn hair, bright green eyes, fair skin, and a round cheerful face.' Do not include names, clothing, or background details.","severity":"INFO","message":"analyzeAppearance called"} {"user":{"promptLength":394,"imageCount":3,"prompt":"You are a children's book illustrator assistant. Analyze the child in these photos and return ONLY a concise appearance description in English (max 40 words). Cover: hair color and style, eye color/shape, skin tone, face shape. Example output: 'A young girl with curly auburn hair, bright green eyes, fair skin, and a round cheerful face.' Do not include names, clothing, or background details.","severity":"INFO","message":"analyzeAppearance called"},"metadata":{"emulator":{"name":"functions"},"function":{"name":"asia-northeast1-analyzeAppearance"},"extension":{},"message":"\u001b[90m> \u001b[39m {\"promptLength\":394,\"imageCount\":3,\"prompt\":\"You are a children's book illustrator assistant. Analyze the child in these photos and return ONLY a concise appearance description in English (max 40 words). Cover: hair color and style, eye color/shape, skin tone, face shape. Example output: 'A young girl with curly auburn hair, bright green eyes, fair skin, and a round cheerful face.' Do not include names, clothing, or background details.\",\"severity\":\"INFO\",\"message\":\"analyzeAppearance called\"}"}}
[info] >  {"resultLength":113,"severity":"INFO","message":"analyzeAppearance success"} {"user":{"resultLength":113,"severity":"INFO","message":"analyzeAppearance success"},"metadata":{"emulator":{"name":"functions"},"function":{"name":"asia-northeast1-analyzeAppearance"},"extension":{},"message":"\u001b[90m> \u001b[39m {\"resultLength\":113,\"severity\":\"INFO\",\"message\":\"analyzeAppearance success\"}"}}
[debug] [2026-04-18T04:59:21.951Z] Finishing up request with event=pause {"metadata":{"emulator":{"name":"functions"},"function":{"name":"asia-northeast1-analyzeAppearance"},"extension":{},"message":"Finishing up request with event=pause"}}
[info] i  functions: Finished "asia-northeast1-analyzeAppearance" in 31318.374875ms {"metadata":{"emulator":{"name":"functions"},"function":{"name":"asia-northeast1-analyzeAppearance"},"extension":{},"message":"Finished \"asia-northeast1-analyzeAppearance\" in 31318.374875ms"}}
[debug] [2026-04-18T04:59:21.952Z] [worker-asia-northeast1-analyzeAppearance-bb276f7d-ecce-4664-b846-28b78b185036]: IDLE {"metadata":{"emulator":{"name":"functions"},"function":{"name":"asia-northeast1-analyzeAppearance"},"extension":{},"message":"[worker-asia-northeast1-analyzeAppearance-bb276f7d-ecce-4664-b846-28b78b185036]: IDLE"}}
[debug] [2026-04-18T04:59:21.952Z] Finishing up request with event=finish {"metadata":{"emulator":{"name":"functions"},"function":{"name":"asia-northeast1-analyzeAppearance"},"extension":{},"message":"Finishing up request with event=finish"}}
[debug] [2026-04-18T04:59:21.952Z] Finishing up request with event=close {"metadata":{"emulator":{"name":"functions"},"function":{"name":"asia-northeast1-analyzeAppearance"},"extension":{},"message":"Finishing up request with event=close"}}
[debug] [2026-04-18T04:59:21.952Z] [work-queue] {"queuedWork":[],"queueLength":0,"runningWork":[],"workRunningCount":0}
[debug] [2026-04-18T05:03:02.998Z] [work-queue] {"queuedWork":["/storyme-app-d02d2/asia-northeast1/generateStory-2026-04-18T05:03:02.997Z"],"queueLength":1,"runningWork":[],"workRunningCount":0}
[debug] [2026-04-18T05:03:03.000Z] [work-queue] {"queuedWork":[],"queueLength":0,"runningWork":["/storyme-app-d02d2/asia-northeast1/generateStory-2026-04-18T05:03:02.997Z"],"workRunningCount":1}
[debug] [2026-04-18T05:03:03.000Z] Accepted request POST /storyme-app-d02d2/asia-northeast1/generateStory --> asia-northeast1-generateStory
[debug] [2026-04-18T05:03:03.002Z] [functions] Runtime ready! Sending request! {"metadata":{"emulator":{"name":"functions"},"message":"[functions] Runtime ready! Sending request!"}}
[debug] [2026-04-18T05:03:03.003Z] [functions] Got req.url=/storyme-app-d02d2/asia-northeast1/generateStory, mapping to path=/ {"metadata":{"emulator":{"name":"functions"},"message":"[functions] Got req.url=/storyme-app-d02d2/asia-northeast1/generateStory, mapping to path=/"}}
[info] i  functions: Loaded environment variables from .env. 
[debug] [2026-04-18T05:03:03.012Z] [worker-pool] addWorker(asia-northeast1-generateStory) {"metadata":{"emulator":{"name":"functions"},"message":"[worker-pool] addWorker(asia-northeast1-generateStory)"}}
[debug] [2026-04-18T05:03:03.013Z] [worker-pool] Adding worker with key asia-northeast1-generateStory, total=1 {"metadata":{"emulator":{"name":"functions"},"message":"[worker-pool] Adding worker with key asia-northeast1-generateStory, total=1"}}
[debug] [2026-04-18T05:03:03.548Z] [runtime-status] [56832] Resolved module firebase-admin {"declared":true,"installed":true,"version":"12.7.0","resolution":"/Users/yxk/Downloads/yxkapp/test1/functions/node_modules/firebase-admin/lib/index.js"} {"metadata":{"emulator":{"name":"functions"},"function":{"name":"asia-northeast1-generateStory"},"extension":{},"message":"[runtime-status] [56832] Resolved module firebase-admin {\"declared\":true,\"installed\":true,\"version\":\"12.7.0\",\"resolution\":\"/Users/yxk/Downloads/yxkapp/test1/functions/node_modules/firebase-admin/lib/index.js\"}"}}
[debug] [2026-04-18T05:03:03.549Z] [runtime-status] [56832] Resolved module firebase-functions {"declared":true,"installed":true,"version":"5.1.1","resolution":"/Users/yxk/Downloads/yxkapp/test1/functions/node_modules/firebase-functions/lib/v1/index.js"} {"metadata":{"emulator":{"name":"functions"},"function":{"name":"asia-northeast1-generateStory"},"extension":{},"message":"[runtime-status] [56832] Resolved module firebase-functions {\"declared\":true,\"installed\":true,\"version\":\"5.1.1\",\"resolution\":\"/Users/yxk/Downloads/yxkapp/test1/functions/node_modules/firebase-functions/lib/v1/index.js\"}"}}
[debug] [2026-04-18T05:03:03.549Z] [runtime-status] [56832] Outgoing network have been stubbed. [{"name":"http","status":"mocked"},{"name":"http","status":"mocked"},{"name":"https","status":"mocked"},{"name":"https","status":"mocked"},{"name":"net","status":"mocked"}] {"metadata":{"emulator":{"name":"functions"},"function":{"name":"asia-northeast1-generateStory"},"extension":{},"message":"[runtime-status] [56832] Outgoing network have been stubbed. [{\"name\":\"http\",\"status\":\"mocked\"},{\"name\":\"http\",\"status\":\"mocked\"},{\"name\":\"https\",\"status\":\"mocked\"},{\"name\":\"https\",\"status\":\"mocked\"},{\"name\":\"net\",\"status\":\"mocked\"}]"}}
[debug] [2026-04-18T05:03:03.549Z] [runtime-status] [56832] Resolved module firebase-functions {"declared":true,"installed":true,"version":"5.1.1","resolution":"/Users/yxk/Downloads/yxkapp/test1/functions/node_modules/firebase-functions/lib/v1/index.js"} {"metadata":{"emulator":{"name":"functions"},"function":{"name":"asia-northeast1-generateStory"},"extension":{},"message":"[runtime-status] [56832] Resolved module firebase-functions {\"declared\":true,\"installed\":true,\"version\":\"5.1.1\",\"resolution\":\"/Users/yxk/Downloads/yxkapp/test1/functions/node_modules/firebase-functions/lib/v1/index.js\"}"}}
[debug] [2026-04-18T05:03:03.601Z] [runtime-status] [56832] Resolved module firebase-admin {"declared":true,"installed":true,"version":"12.7.0","resolution":"/Users/yxk/Downloads/yxkapp/test1/functions/node_modules/firebase-admin/lib/index.js"} {"metadata":{"emulator":{"name":"functions"},"function":{"name":"asia-northeast1-generateStory"},"extension":{},"message":"[runtime-status] [56832] Resolved module firebase-admin {\"declared\":true,\"installed\":true,\"version\":\"12.7.0\",\"resolution\":\"/Users/yxk/Downloads/yxkapp/test1/functions/node_modules/firebase-admin/lib/index.js\"}"}}
[debug] [2026-04-18T05:03:03.602Z] [runtime-status] [56832] Resolved module firebase-functions {"declared":true,"installed":true,"version":"5.1.1","resolution":"/Users/yxk/Downloads/yxkapp/test1/functions/node_modules/firebase-functions/lib/v1/index.js"} {"metadata":{"emulator":{"name":"functions"},"function":{"name":"asia-northeast1-generateStory"},"extension":{},"message":"[runtime-status] [56832] Resolved module firebase-functions {\"declared\":true,\"installed\":true,\"version\":\"5.1.1\",\"resolution\":\"/Users/yxk/Downloads/yxkapp/test1/functions/node_modules/firebase-functions/lib/v1/index.js\"}"}}
[debug] [2026-04-18T05:03:03.665Z] [runtime-status] [56832] firebase-admin has been stubbed. {"adminResolution":{"declared":true,"installed":true,"version":"12.7.0","resolution":"/Users/yxk/Downloads/yxkapp/test1/functions/node_modules/firebase-admin/lib/index.js"}} {"metadata":{"emulator":{"name":"functions"},"function":{"name":"asia-northeast1-generateStory"},"extension":{},"message":"[runtime-status] [56832] firebase-admin has been stubbed. {\"adminResolution\":{\"declared\":true,\"installed\":true,\"version\":\"12.7.0\",\"resolution\":\"/Users/yxk/Downloads/yxkapp/test1/functions/node_modules/firebase-admin/lib/index.js\"}}"}}
[debug] [2026-04-18T05:03:03.669Z] [runtime-status] [56832] Functions runtime initialized. {"cwd":"/Users/yxk/Downloads/yxkapp/test1/functions","node_version":"22.14.0"} {"metadata":{"emulator":{"name":"functions"},"function":{"name":"asia-northeast1-generateStory"},"extension":{},"message":"[runtime-status] [56832] Functions runtime initialized. {\"cwd\":\"/Users/yxk/Downloads/yxkapp/test1/functions\",\"node_version\":\"22.14.0\"}"}}
[debug] [2026-04-18T05:03:03.669Z] [runtime-status] [56832] Listening to port: /var/folders/sz/qxcgz26534x79qtn2k14_3180000gn/T/fire_emu_71a9f14f4026c13a.sock {"metadata":{"emulator":{"name":"functions"},"function":{"name":"asia-northeast1-generateStory"},"extension":{},"message":"[runtime-status] [56832] Listening to port: /var/folders/sz/qxcgz26534x79qtn2k14_3180000gn/T/fire_emu_71a9f14f4026c13a.sock"}}
[debug] [2026-04-18T05:03:03.729Z] [worker-asia-northeast1-generateStory-930a8fe5-0502-4616-a89c-01d9f7ff781e]: IDLE {"metadata":{"emulator":{"name":"functions"},"function":{"name":"asia-northeast1-generateStory"},"extension":{},"message":"[worker-asia-northeast1-generateStory-930a8fe5-0502-4616-a89c-01d9f7ff781e]: IDLE"}}
[debug] [2026-04-18T05:03:03.729Z] [worker-pool] submitRequest(triggerId=asia-northeast1-generateStory) {"metadata":{"emulator":{"name":"functions"},"message":"[worker-pool] submitRequest(triggerId=asia-northeast1-generateStory)"}}
[info] i  functions: Beginning execution of "asia-northeast1-generateStory" {"metadata":{"emulator":{"name":"functions"},"function":{"name":"asia-northeast1-generateStory"},"extension":{},"message":"Beginning execution of \"asia-northeast1-generateStory\""}}
[debug] [2026-04-18T05:03:03.729Z] [worker-asia-northeast1-generateStory-930a8fe5-0502-4616-a89c-01d9f7ff781e]: BUSY {"metadata":{"emulator":{"name":"functions"},"function":{"name":"asia-northeast1-generateStory"},"extension":{},"message":"[worker-asia-northeast1-generateStory-930a8fe5-0502-4616-a89c-01d9f7ff781e]: BUSY"}}
[info] >  {"verifications":{"app":"MISSING","auth":"VALID"},"logging.googleapis.com/labels":{"firebase-log-type":"callable-request-verification"},"severity":"DEBUG","message":"Callable request verification passed"} {"user":{"verifications":{"app":"MISSING","auth":"VALID"},"logging.googleapis.com/labels":{"firebase-log-type":"callable-request-verification"},"severity":"DEBUG","message":"Callable request verification passed"},"metadata":{"emulator":{"name":"functions"},"function":{"name":"asia-northeast1-generateStory"},"extension":{},"message":"\u001b[90m> \u001b[39m {\"verifications\":{\"app\":\"MISSING\",\"auth\":\"VALID\"},\"logging.googleapis.com/labels\":{\"firebase-log-type\":\"callable-request-verification\"},\"severity\":\"DEBUG\",\"message\":\"Callable request verification passed\"}"}}
[info] >  {"childName":"Emma","theme":"Emma is playing in the warm spring sunshine, admiring a peach blossom in the garden. A small white butterfly is just about to land on a flower.","style":"Warm & Cozy","pageCount":1,"severity":"INFO","message":"generateStory called"} {"user":{"childName":"Emma","theme":"Emma is playing in the warm spring sunshine, admiring a peach blossom in the garden. A small white butterfly is just about to land on a flower.","style":"Warm & Cozy","pageCount":1,"severity":"INFO","message":"generateStory called"},"metadata":{"emulator":{"name":"functions"},"function":{"name":"asia-northeast1-generateStory"},"extension":{},"message":"\u001b[90m> \u001b[39m {\"childName\":\"Emma\",\"theme\":\"Emma is playing in the warm spring sunshine, admiring a peach blossom in the garden. A small white butterfly is just about to land on a flower.\",\"style\":\"Warm & Cozy\",\"pageCount\":1,\"severity\":\"INFO\",\"message\":\"generateStory called\"}"}}
[info] >  {"childName":"Emma","contentLength":564,"severity":"INFO","message":"generateStory success"} {"user":{"childName":"Emma","contentLength":564,"severity":"INFO","message":"generateStory success"},"metadata":{"emulator":{"name":"functions"},"function":{"name":"asia-northeast1-generateStory"},"extension":{},"message":"\u001b[90m> \u001b[39m {\"childName\":\"Emma\",\"contentLength\":564,\"severity\":\"INFO\",\"message\":\"generateStory success\"}"}}
[debug] [2026-04-18T05:03:30.959Z] Finishing up request with event=pause {"metadata":{"emulator":{"name":"functions"},"function":{"name":"asia-northeast1-generateStory"},"extension":{},"message":"Finishing up request with event=pause"}}
[info] i  functions: Finished "asia-northeast1-generateStory" in 27230.38425ms {"metadata":{"emulator":{"name":"functions"},"function":{"name":"asia-northeast1-generateStory"},"extension":{},"message":"Finished \"asia-northeast1-generateStory\" in 27230.38425ms"}}
[debug] [2026-04-18T05:03:30.959Z] [worker-asia-northeast1-generateStory-930a8fe5-0502-4616-a89c-01d9f7ff781e]: IDLE {"metadata":{"emulator":{"name":"functions"},"function":{"name":"asia-northeast1-generateStory"},"extension":{},"message":"[worker-asia-northeast1-generateStory-930a8fe5-0502-4616-a89c-01d9f7ff781e]: IDLE"}}
[debug] [2026-04-18T05:03:30.960Z] Finishing up request with event=finish {"metadata":{"emulator":{"name":"functions"},"function":{"name":"asia-northeast1-generateStory"},"extension":{},"message":"Finishing up request with event=finish"}}
[debug] [2026-04-18T05:03:30.960Z] Finishing up request with event=close {"metadata":{"emulator":{"name":"functions"},"function":{"name":"asia-northeast1-generateStory"},"extension":{},"message":"Finishing up request with event=close"}}
[debug] [2026-04-18T05:03:30.960Z] [work-queue] {"queuedWork":[],"queueLength":0,"runningWork":[],"workRunningCount":0}
[debug] [2026-04-18T05:03:30.971Z] [work-queue] {"queuedWork":["/storyme-app-d02d2/asia-northeast1/generateImage-2026-04-18T05:03:30.971Z"],"queueLength":1,"runningWork":[],"workRunningCount":0}
[debug] [2026-04-18T05:03:30.971Z] [work-queue] {"queuedWork":[],"queueLength":0,"runningWork":["/storyme-app-d02d2/asia-northeast1/generateImage-2026-04-18T05:03:30.971Z"],"workRunningCount":1}
[debug] [2026-04-18T05:03:30.971Z] Accepted request POST /storyme-app-d02d2/asia-northeast1/generateImage --> asia-northeast1-generateImage
[debug] [2026-04-18T05:03:30.972Z] [functions] Runtime ready! Sending request! {"metadata":{"emulator":{"name":"functions"},"message":"[functions] Runtime ready! Sending request!"}}
[debug] [2026-04-18T05:03:30.972Z] [functions] Got req.url=/storyme-app-d02d2/asia-northeast1/generateImage, mapping to path=/ {"metadata":{"emulator":{"name":"functions"},"message":"[functions] Got req.url=/storyme-app-d02d2/asia-northeast1/generateImage, mapping to path=/"}}
[info] i  functions: Loaded environment variables from .env. 
[debug] [2026-04-18T05:03:30.976Z] [worker-pool] addWorker(asia-northeast1-generateImage) {"metadata":{"emulator":{"name":"functions"},"message":"[worker-pool] addWorker(asia-northeast1-generateImage)"}}
[debug] [2026-04-18T05:03:30.976Z] [worker-pool] Adding worker with key asia-northeast1-generateImage, total=1 {"metadata":{"emulator":{"name":"functions"},"message":"[worker-pool] Adding worker with key asia-northeast1-generateImage, total=1"}}
[debug] [2026-04-18T05:03:31.359Z] [runtime-status] [56848] Resolved module firebase-admin {"declared":true,"installed":true,"version":"12.7.0","resolution":"/Users/yxk/Downloads/yxkapp/test1/functions/node_modules/firebase-admin/lib/index.js"} {"metadata":{"emulator":{"name":"functions"},"function":{"name":"asia-northeast1-generateImage"},"extension":{},"message":"[runtime-status] [56848] Resolved module firebase-admin {\"declared\":true,\"installed\":true,\"version\":\"12.7.0\",\"resolution\":\"/Users/yxk/Downloads/yxkapp/test1/functions/node_modules/firebase-admin/lib/index.js\"}"}}
[debug] [2026-04-18T05:03:31.359Z] [runtime-status] [56848] Resolved module firebase-functions {"declared":true,"installed":true,"version":"5.1.1","resolution":"/Users/yxk/Downloads/yxkapp/test1/functions/node_modules/firebase-functions/lib/v1/index.js"} {"metadata":{"emulator":{"name":"functions"},"function":{"name":"asia-northeast1-generateImage"},"extension":{},"message":"[runtime-status] [56848] Resolved module firebase-functions {\"declared\":true,\"installed\":true,\"version\":\"5.1.1\",\"resolution\":\"/Users/yxk/Downloads/yxkapp/test1/functions/node_modules/firebase-functions/lib/v1/index.js\"}"}}
[debug] [2026-04-18T05:03:31.360Z] [runtime-status] [56848] Outgoing network have been stubbed. [{"name":"http","status":"mocked"},{"name":"http","status":"mocked"},{"name":"https","status":"mocked"},{"name":"https","status":"mocked"},{"name":"net","status":"mocked"}] {"metadata":{"emulator":{"name":"functions"},"function":{"name":"asia-northeast1-generateImage"},"extension":{},"message":"[runtime-status] [56848] Outgoing network have been stubbed. [{\"name\":\"http\",\"status\":\"mocked\"},{\"name\":\"http\",\"status\":\"mocked\"},{\"name\":\"https\",\"status\":\"mocked\"},{\"name\":\"https\",\"status\":\"mocked\"},{\"name\":\"net\",\"status\":\"mocked\"}]"}}
[debug] [2026-04-18T05:03:31.360Z] [runtime-status] [56848] Resolved module firebase-functions {"declared":true,"installed":true,"version":"5.1.1","resolution":"/Users/yxk/Downloads/yxkapp/test1/functions/node_modules/firebase-functions/lib/v1/index.js"} {"metadata":{"emulator":{"name":"functions"},"function":{"name":"asia-northeast1-generateImage"},"extension":{},"message":"[runtime-status] [56848] Resolved module firebase-functions {\"declared\":true,\"installed\":true,\"version\":\"5.1.1\",\"resolution\":\"/Users/yxk/Downloads/yxkapp/test1/functions/node_modules/firebase-functions/lib/v1/index.js\"}"}}
[debug] [2026-04-18T05:03:31.383Z] [runtime-status] [56848] Resolved module firebase-admin {"declared":true,"installed":true,"version":"12.7.0","resolution":"/Users/yxk/Downloads/yxkapp/test1/functions/node_modules/firebase-admin/lib/index.js"} {"metadata":{"emulator":{"name":"functions"},"function":{"name":"asia-northeast1-generateImage"},"extension":{},"message":"[runtime-status] [56848] Resolved module firebase-admin {\"declared\":true,\"installed\":true,\"version\":\"12.7.0\",\"resolution\":\"/Users/yxk/Downloads/yxkapp/test1/functions/node_modules/firebase-admin/lib/index.js\"}"}}
[debug] [2026-04-18T05:03:31.383Z] [runtime-status] [56848] Resolved module firebase-functions {"declared":true,"installed":true,"version":"5.1.1","resolution":"/Users/yxk/Downloads/yxkapp/test1/functions/node_modules/firebase-functions/lib/v1/index.js"} {"metadata":{"emulator":{"name":"functions"},"function":{"name":"asia-northeast1-generateImage"},"extension":{},"message":"[runtime-status] [56848] Resolved module firebase-functions {\"declared\":true,\"installed\":true,\"version\":\"5.1.1\",\"resolution\":\"/Users/yxk/Downloads/yxkapp/test1/functions/node_modules/firebase-functions/lib/v1/index.js\"}"}}
[debug] [2026-04-18T05:03:31.412Z] [runtime-status] [56848] firebase-admin has been stubbed. {"adminResolution":{"declared":true,"installed":true,"version":"12.7.0","resolution":"/Users/yxk/Downloads/yxkapp/test1/functions/node_modules/firebase-admin/lib/index.js"}} {"metadata":{"emulator":{"name":"functions"},"function":{"name":"asia-northeast1-generateImage"},"extension":{},"message":"[runtime-status] [56848] firebase-admin has been stubbed. {\"adminResolution\":{\"declared\":true,\"installed\":true,\"version\":\"12.7.0\",\"resolution\":\"/Users/yxk/Downloads/yxkapp/test1/functions/node_modules/firebase-admin/lib/index.js\"}}"}}
[debug] [2026-04-18T05:03:31.414Z] [runtime-status] [56848] Functions runtime initialized. {"cwd":"/Users/yxk/Downloads/yxkapp/test1/functions","node_version":"22.14.0"} {"metadata":{"emulator":{"name":"functions"},"function":{"name":"asia-northeast1-generateImage"},"extension":{},"message":"[runtime-status] [56848] Functions runtime initialized. {\"cwd\":\"/Users/yxk/Downloads/yxkapp/test1/functions\",\"node_version\":\"22.14.0\"}"}}
[debug] [2026-04-18T05:03:31.414Z] [runtime-status] [56848] Listening to port: /var/folders/sz/qxcgz26534x79qtn2k14_3180000gn/T/fire_emu_8dcf686b570cedad.sock {"metadata":{"emulator":{"name":"functions"},"function":{"name":"asia-northeast1-generateImage"},"extension":{},"message":"[runtime-status] [56848] Listening to port: /var/folders/sz/qxcgz26534x79qtn2k14_3180000gn/T/fire_emu_8dcf686b570cedad.sock"}}
[debug] [2026-04-18T05:03:31.487Z] [worker-asia-northeast1-generateImage-f706c32f-dd60-4219-b9ff-6344fb3454fe]: IDLE {"metadata":{"emulator":{"name":"functions"},"function":{"name":"asia-northeast1-generateImage"},"extension":{},"message":"[worker-asia-northeast1-generateImage-f706c32f-dd60-4219-b9ff-6344fb3454fe]: IDLE"}}
[debug] [2026-04-18T05:03:31.487Z] [worker-pool] submitRequest(triggerId=asia-northeast1-generateImage) {"metadata":{"emulator":{"name":"functions"},"message":"[worker-pool] submitRequest(triggerId=asia-northeast1-generateImage)"}}
[info] i  functions: Beginning execution of "asia-northeast1-generateImage" {"metadata":{"emulator":{"name":"functions"},"function":{"name":"asia-northeast1-generateImage"},"extension":{},"message":"Beginning execution of \"asia-northeast1-generateImage\""}}
[debug] [2026-04-18T05:03:31.487Z] [worker-asia-northeast1-generateImage-f706c32f-dd60-4219-b9ff-6344fb3454fe]: BUSY {"metadata":{"emulator":{"name":"functions"},"function":{"name":"asia-northeast1-generateImage"},"extension":{},"message":"[worker-asia-northeast1-generateImage-f706c32f-dd60-4219-b9ff-6344fb3454fe]: BUSY"}}
[info] >  {"verifications":{"app":"MISSING","auth":"VALID"},"logging.googleapis.com/labels":{"firebase-log-type":"callable-request-verification"},"severity":"DEBUG","message":"Callable request verification passed"} {"user":{"verifications":{"app":"MISSING","auth":"VALID"},"logging.googleapis.com/labels":{"firebase-log-type":"callable-request-verification"},"severity":"DEBUG","message":"Callable request verification passed"},"metadata":{"emulator":{"name":"functions"},"function":{"name":"asia-northeast1-generateImage"},"extension":{},"message":"\u001b[90m> \u001b[39m {\"verifications\":{\"app\":\"MISSING\",\"auth\":\"VALID\"},\"logging.googleapis.com/labels\":{\"firebase-log-type\":\"callable-request-verification\"},\"severity\":\"DEBUG\",\"message\":\"Callable request verification passed\"}"}}
[info] >  {"promptLength":570,"prompt":"The child protagonist has the following appearance: A young child with black braided hair (bangs and bows), dark brown almond eyes, fair rosy skin, and a round face.. Children's book illustration for a Warm & Cozy children's story. Scene: Emma kneels on soft green grass, her black braided hair with bangs and pink bows framing her round, rosy face; she wears a yellow dress and watches a white butterfly hover just above a pink peach blossom, golden sunlight wrapping around them.. Style: warm, colorful, cartoon, soft lighting, friendly characters. A child named Emma.","severity":"INFO","message":"generateImage called"} {"user":{"promptLength":570,"prompt":"The child protagonist has the following appearance: A young child with black braided hair (bangs and bows), dark brown almond eyes, fair rosy skin, and a round face.. Children's book illustration for a Warm & Cozy children's story. Scene: Emma kneels on soft green grass, her black braided hair with bangs and pink bows framing her round, rosy face; she wears a yellow dress and watches a white butterfly hover just above a pink peach blossom, golden sunlight wrapping around them.. Style: warm, colorful, cartoon, soft lighting, friendly characters. A child named Emma.","severity":"INFO","message":"generateImage called"},"metadata":{"emulator":{"name":"functions"},"function":{"name":"asia-northeast1-generateImage"},"extension":{},"message":"\u001b[90m> \u001b[39m {\"promptLength\":570,\"prompt\":\"The child protagonist has the following appearance: A young child with black braided hair (bangs and bows), dark brown almond eyes, fair rosy skin, and a round face.. Children's book illustration for a Warm & Cozy children's story. Scene: Emma kneels on soft green grass, her black braided hair with bangs and pink bows framing her round, rosy face; she wears a yellow dress and watches a white butterfly hover just above a pink peach blossom, golden sunlight wrapping around them.. Style: warm, colorful, cartoon, soft lighting, friendly characters. A child named Emma.\",\"severity\":\"INFO\",\"message\":\"generateImage called\"}"}}
[info] >  {"b64Length":360348,"severity":"INFO","message":"generateImage success"} {"user":{"b64Length":360348,"severity":"INFO","message":"generateImage success"},"metadata":{"emulator":{"name":"functions"},"function":{"name":"asia-northeast1-generateImage"},"extension":{},"message":"\u001b[90m> \u001b[39m {\"b64Length\":360348,\"severity\":\"INFO\",\"message\":\"generateImage success\"}"}}
[debug] [2026-04-18T05:03:59.939Z] Finishing up request with event=pause {"metadata":{"emulator":{"name":"functions"},"function":{"name":"asia-northeast1-generateImage"},"extension":{},"message":"Finishing up request with event=pause"}}
[info] i  functions: Finished "asia-northeast1-generateImage" in 28452.124375ms {"metadata":{"emulator":{"name":"functions"},"function":{"name":"asia-northeast1-generateImage"},"extension":{},"message":"Finished \"asia-northeast1-generateImage\" in 28452.124375ms"}}
[debug] [2026-04-18T05:03:59.940Z] [worker-asia-northeast1-generateImage-f706c32f-dd60-4219-b9ff-6344fb3454fe]: IDLE {"metadata":{"emulator":{"name":"functions"},"function":{"name":"asia-northeast1-generateImage"},"extension":{},"message":"[worker-asia-northeast1-generateImage-f706c32f-dd60-4219-b9ff-6344fb3454fe]: IDLE"}}
[debug] [2026-04-18T05:03:59.940Z] Finishing up request with event=finish {"metadata":{"emulator":{"name":"functions"},"function":{"name":"asia-northeast1-generateImage"},"extension":{},"message":"Finishing up request with event=finish"}}
[debug] [2026-04-18T05:03:59.940Z] Finishing up request with event=close {"metadata":{"emulator":{"name":"functions"},"function":{"name":"asia-northeast1-generateImage"},"extension":{},"message":"Finishing up request with event=close"}}
[debug] [2026-04-18T05:03:59.940Z] [work-queue] {"queuedWork":[],"queueLength":0,"runningWork":[],"workRunningCount":0}
[debug] [2026-04-18T05:04:22.238Z] [work-queue] {"queuedWork":["/storyme-app-d02d2/asia-northeast1/analyzeAppearance-2026-04-18T05:04:22.238Z"],"queueLength":1,"runningWork":[],"workRunningCount":0}
[debug] [2026-04-18T05:04:22.238Z] [work-queue] {"queuedWork":[],"queueLength":0,"runningWork":["/storyme-app-d02d2/asia-northeast1/analyzeAppearance-2026-04-18T05:04:22.238Z"],"workRunningCount":1}
[debug] [2026-04-18T05:04:22.238Z] Accepted request POST /storyme-app-d02d2/asia-northeast1/analyzeAppearance --> asia-northeast1-analyzeAppearance
[debug] [2026-04-18T05:04:22.239Z] [functions] Runtime ready! Sending request! {"metadata":{"emulator":{"name":"functions"},"message":"[functions] Runtime ready! Sending request!"}}
[debug] [2026-04-18T05:04:22.239Z] [functions] Got req.url=/storyme-app-d02d2/asia-northeast1/analyzeAppearance, mapping to path=/ {"metadata":{"emulator":{"name":"functions"},"message":"[functions] Got req.url=/storyme-app-d02d2/asia-northeast1/analyzeAppearance, mapping to path=/"}}
[debug] [2026-04-18T05:04:22.240Z] [worker-pool] submitRequest(triggerId=asia-northeast1-analyzeAppearance) {"metadata":{"emulator":{"name":"functions"},"message":"[worker-pool] submitRequest(triggerId=asia-northeast1-analyzeAppearance)"}}
[info] i  functions: Beginning execution of "asia-northeast1-analyzeAppearance" {"metadata":{"emulator":{"name":"functions"},"function":{"name":"asia-northeast1-analyzeAppearance"},"extension":{},"message":"Beginning execution of \"asia-northeast1-analyzeAppearance\""}}
[debug] [2026-04-18T05:04:22.240Z] [worker-asia-northeast1-analyzeAppearance-bb276f7d-ecce-4664-b846-28b78b185036]: BUSY {"metadata":{"emulator":{"name":"functions"},"function":{"name":"asia-northeast1-analyzeAppearance"},"extension":{},"message":"[worker-asia-northeast1-analyzeAppearance-bb276f7d-ecce-4664-b846-28b78b185036]: BUSY"}}
[info] >  {"verifications":{"app":"MISSING","auth":"VALID"},"logging.googleapis.com/labels":{"firebase-log-type":"callable-request-verification"},"severity":"DEBUG","message":"Callable request verification passed"} {"user":{"verifications":{"app":"MISSING","auth":"VALID"},"logging.googleapis.com/labels":{"firebase-log-type":"callable-request-verification"},"severity":"DEBUG","message":"Callable request verification passed"},"metadata":{"emulator":{"name":"functions"},"function":{"name":"asia-northeast1-analyzeAppearance"},"extension":{},"message":"\u001b[90m> \u001b[39m {\"verifications\":{\"app\":\"MISSING\",\"auth\":\"VALID\"},\"logging.googleapis.com/labels\":{\"firebase-log-type\":\"callable-request-verification\"},\"severity\":\"DEBUG\",\"message\":\"Callable request verification passed\"}"}}
[info] >  {"promptLength":394,"imageCount":3,"prompt":"You are a children's book illustrator assistant. Analyze the child in these photos and return ONLY a concise appearance description in English (max 40 words). Cover: hair color and style, eye color/shape, skin tone, face shape. Example output: 'A young girl with curly auburn hair, bright green eyes, fair skin, and a round cheerful face.' Do not include names, clothing, or background details.","severity":"INFO","message":"analyzeAppearance called"} {"user":{"promptLength":394,"imageCount":3,"prompt":"You are a children's book illustrator assistant. Analyze the child in these photos and return ONLY a concise appearance description in English (max 40 words). Cover: hair color and style, eye color/shape, skin tone, face shape. Example output: 'A young girl with curly auburn hair, bright green eyes, fair skin, and a round cheerful face.' Do not include names, clothing, or background details.","severity":"INFO","message":"analyzeAppearance called"},"metadata":{"emulator":{"name":"functions"},"function":{"name":"asia-northeast1-analyzeAppearance"},"extension":{},"message":"\u001b[90m> \u001b[39m {\"promptLength\":394,\"imageCount\":3,\"prompt\":\"You are a children's book illustrator assistant. Analyze the child in these photos and return ONLY a concise appearance description in English (max 40 words). Cover: hair color and style, eye color/shape, skin tone, face shape. Example output: 'A young girl with curly auburn hair, bright green eyes, fair skin, and a round cheerful face.' Do not include names, clothing, or background details.\",\"severity\":\"INFO\",\"message\":\"analyzeAppearance called\"}"}}
[info] >  {"resultLength":125,"severity":"INFO","message":"analyzeAppearance success"} {"user":{"resultLength":125,"severity":"INFO","message":"analyzeAppearance success"},"metadata":{"emulator":{"name":"functions"},"function":{"name":"asia-northeast1-analyzeAppearance"},"extension":{},"message":"\u001b[90m> \u001b[39m {\"resultLength\":125,\"severity\":\"INFO\",\"message\":\"analyzeAppearance success\"}"}}
[debug] [2026-04-18T05:04:47.509Z] Finishing up request with event=pause {"metadata":{"emulator":{"name":"functions"},"function":{"name":"asia-northeast1-analyzeAppearance"},"extension":{},"message":"Finishing up request with event=pause"}}
[info] i  functions: Finished "asia-northeast1-analyzeAppearance" in 25269.950292ms {"metadata":{"emulator":{"name":"functions"},"function":{"name":"asia-northeast1-analyzeAppearance"},"extension":{},"message":"Finished \"asia-northeast1-analyzeAppearance\" in 25269.950292ms"}}
[debug] [2026-04-18T05:04:47.510Z] [worker-asia-northeast1-analyzeAppearance-bb276f7d-ecce-4664-b846-28b78b185036]: IDLE {"metadata":{"emulator":{"name":"functions"},"function":{"name":"asia-northeast1-analyzeAppearance"},"extension":{},"message":"[worker-asia-northeast1-analyzeAppearance-bb276f7d-ecce-4664-b846-28b78b185036]: IDLE"}}
[debug] [2026-04-18T05:04:47.511Z] Finishing up request with event=finish {"metadata":{"emulator":{"name":"functions"},"function":{"name":"asia-northeast1-analyzeAppearance"},"extension":{},"message":"Finishing up request with event=finish"}}
[debug] [2026-04-18T05:04:47.512Z] Finishing up request with event=close {"metadata":{"emulator":{"name":"functions"},"function":{"name":"asia-northeast1-analyzeAppearance"},"extension":{},"message":"Finishing up request with event=close"}}
[debug] [2026-04-18T05:04:47.512Z] [work-queue] {"queuedWork":[],"queueLength":0,"runningWork":[],"workRunningCount":0}
[debug] [2026-04-18T05:05:02.553Z] [work-queue] {"queuedWork":["/storyme-app-d02d2/asia-northeast1/generateStory-2026-04-18T05:05:02.553Z"],"queueLength":1,"runningWork":[],"workRunningCount":0}
[debug] [2026-04-18T05:05:02.554Z] [work-queue] {"queuedWork":[],"queueLength":0,"runningWork":["/storyme-app-d02d2/asia-northeast1/generateStory-2026-04-18T05:05:02.553Z"],"workRunningCount":1}
[debug] [2026-04-18T05:05:02.554Z] Accepted request POST /storyme-app-d02d2/asia-northeast1/generateStory --> asia-northeast1-generateStory
[debug] [2026-04-18T05:05:02.555Z] [functions] Runtime ready! Sending request! {"metadata":{"emulator":{"name":"functions"},"message":"[functions] Runtime ready! Sending request!"}}
[debug] [2026-04-18T05:05:02.556Z] [functions] Got req.url=/storyme-app-d02d2/asia-northeast1/generateStory, mapping to path=/ {"metadata":{"emulator":{"name":"functions"},"message":"[functions] Got req.url=/storyme-app-d02d2/asia-northeast1/generateStory, mapping to path=/"}}
[debug] [2026-04-18T05:05:02.556Z] [worker-pool] submitRequest(triggerId=asia-northeast1-generateStory) {"metadata":{"emulator":{"name":"functions"},"message":"[worker-pool] submitRequest(triggerId=asia-northeast1-generateStory)"}}
[info] i  functions: Beginning execution of "asia-northeast1-generateStory" {"metadata":{"emulator":{"name":"functions"},"function":{"name":"asia-northeast1-generateStory"},"extension":{},"message":"Beginning execution of \"asia-northeast1-generateStory\""}}
[debug] [2026-04-18T05:05:02.557Z] [worker-asia-northeast1-generateStory-930a8fe5-0502-4616-a89c-01d9f7ff781e]: BUSY {"metadata":{"emulator":{"name":"functions"},"function":{"name":"asia-northeast1-generateStory"},"extension":{},"message":"[worker-asia-northeast1-generateStory-930a8fe5-0502-4616-a89c-01d9f7ff781e]: BUSY"}}
[info] >  {"verifications":{"app":"MISSING","auth":"VALID"},"logging.googleapis.com/labels":{"firebase-log-type":"callable-request-verification"},"severity":"DEBUG","message":"Callable request verification passed"} {"user":{"verifications":{"app":"MISSING","auth":"VALID"},"logging.googleapis.com/labels":{"firebase-log-type":"callable-request-verification"},"severity":"DEBUG","message":"Callable request verification passed"},"metadata":{"emulator":{"name":"functions"},"function":{"name":"asia-northeast1-generateStory"},"extension":{},"message":"\u001b[90m> \u001b[39m {\"verifications\":{\"app\":\"MISSING\",\"auth\":\"VALID\"},\"logging.googleapis.com/labels\":{\"firebase-log-type\":\"callable-request-verification\"},\"severity\":\"DEBUG\",\"message\":\"Callable request verification passed\"}"}}
[info] >  {"childName":"Emma","theme":"Emma is playing in the warm spring sunshine, admiring a peach blossom in the garden. A small white butterfly is just about to land on a flower.","style":"Warm & Cozy","pageCount":1,"severity":"INFO","message":"generateStory called"} {"user":{"childName":"Emma","theme":"Emma is playing in the warm spring sunshine, admiring a peach blossom in the garden. A small white butterfly is just about to land on a flower.","style":"Warm & Cozy","pageCount":1,"severity":"INFO","message":"generateStory called"},"metadata":{"emulator":{"name":"functions"},"function":{"name":"asia-northeast1-generateStory"},"extension":{},"message":"\u001b[90m> \u001b[39m {\"childName\":\"Emma\",\"theme\":\"Emma is playing in the warm spring sunshine, admiring a peach blossom in the garden. A small white butterfly is just about to land on a flower.\",\"style\":\"Warm & Cozy\",\"pageCount\":1,\"severity\":\"INFO\",\"message\":\"generateStory called\"}"}}
[info] >  {"childName":"Emma","contentLength":607,"severity":"INFO","message":"generateStory success"} {"user":{"childName":"Emma","contentLength":607,"severity":"INFO","message":"generateStory success"},"metadata":{"emulator":{"name":"functions"},"function":{"name":"asia-northeast1-generateStory"},"extension":{},"message":"\u001b[90m> \u001b[39m {\"childName\":\"Emma\",\"contentLength\":607,\"severity\":\"INFO\",\"message\":\"generateStory success\"}"}}
[debug] [2026-04-18T05:05:29.254Z] Finishing up request with event=pause {"metadata":{"emulator":{"name":"functions"},"function":{"name":"asia-northeast1-generateStory"},"extension":{},"message":"Finishing up request with event=pause"}}
[info] i  functions: Finished "asia-northeast1-generateStory" in 26697.752041ms {"metadata":{"emulator":{"name":"functions"},"function":{"name":"asia-northeast1-generateStory"},"extension":{},"message":"Finished \"asia-northeast1-generateStory\" in 26697.752041ms"}}
[debug] [2026-04-18T05:05:29.256Z] [worker-asia-northeast1-generateStory-930a8fe5-0502-4616-a89c-01d9f7ff781e]: IDLE {"metadata":{"emulator":{"name":"functions"},"function":{"name":"asia-northeast1-generateStory"},"extension":{},"message":"[worker-asia-northeast1-generateStory-930a8fe5-0502-4616-a89c-01d9f7ff781e]: IDLE"}}
[debug] [2026-04-18T05:05:29.257Z] Finishing up request with event=finish {"metadata":{"emulator":{"name":"functions"},"function":{"name":"asia-northeast1-generateStory"},"extension":{},"message":"Finishing up request with event=finish"}}
[debug] [2026-04-18T05:05:29.258Z] Finishing up request with event=close {"metadata":{"emulator":{"name":"functions"},"function":{"name":"asia-northeast1-generateStory"},"extension":{},"message":"Finishing up request with event=close"}}
[debug] [2026-04-18T05:05:29.259Z] [work-queue] {"queuedWork":[],"queueLength":0,"runningWork":[],"workRunningCount":0}
[debug] [2026-04-18T05:05:29.262Z] [work-queue] {"queuedWork":["/storyme-app-d02d2/asia-northeast1/generateImage-2026-04-18T05:05:29.262Z"],"queueLength":1,"runningWork":[],"workRunningCount":0}
[debug] [2026-04-18T05:05:29.262Z] [work-queue] {"queuedWork":[],"queueLength":0,"runningWork":["/storyme-app-d02d2/asia-northeast1/generateImage-2026-04-18T05:05:29.262Z"],"workRunningCount":1}
[debug] [2026-04-18T05:05:29.262Z] Accepted request POST /storyme-app-d02d2/asia-northeast1/generateImage --> asia-northeast1-generateImage
[debug] [2026-04-18T05:05:29.263Z] [functions] Runtime ready! Sending request! {"metadata":{"emulator":{"name":"functions"},"message":"[functions] Runtime ready! Sending request!"}}
[debug] [2026-04-18T05:05:29.263Z] [functions] Got req.url=/storyme-app-d02d2/asia-northeast1/generateImage, mapping to path=/ {"metadata":{"emulator":{"name":"functions"},"message":"[functions] Got req.url=/storyme-app-d02d2/asia-northeast1/generateImage, mapping to path=/"}}
[debug] [2026-04-18T05:05:29.263Z] [worker-pool] submitRequest(triggerId=asia-northeast1-generateImage) {"metadata":{"emulator":{"name":"functions"},"message":"[worker-pool] submitRequest(triggerId=asia-northeast1-generateImage)"}}
[info] i  functions: Beginning execution of "asia-northeast1-generateImage" {"metadata":{"emulator":{"name":"functions"},"function":{"name":"asia-northeast1-generateImage"},"extension":{},"message":"Beginning execution of \"asia-northeast1-generateImage\""}}
[debug] [2026-04-18T05:05:29.263Z] [worker-asia-northeast1-generateImage-f706c32f-dd60-4219-b9ff-6344fb3454fe]: BUSY {"metadata":{"emulator":{"name":"functions"},"function":{"name":"asia-northeast1-generateImage"},"extension":{},"message":"[worker-asia-northeast1-generateImage-f706c32f-dd60-4219-b9ff-6344fb3454fe]: BUSY"}}
[info] >  {"verifications":{"app":"MISSING","auth":"VALID"},"logging.googleapis.com/labels":{"firebase-log-type":"callable-request-verification"},"severity":"DEBUG","message":"Callable request verification passed"} {"user":{"verifications":{"app":"MISSING","auth":"VALID"},"logging.googleapis.com/labels":{"firebase-log-type":"callable-request-verification"},"severity":"DEBUG","message":"Callable request verification passed"},"metadata":{"emulator":{"name":"functions"},"function":{"name":"asia-northeast1-generateImage"},"extension":{},"message":"\u001b[90m> \u001b[39m {\"verifications\":{\"app\":\"MISSING\",\"auth\":\"VALID\"},\"logging.googleapis.com/labels\":{\"firebase-log-type\":\"callable-request-verification\"},\"severity\":\"DEBUG\",\"message\":\"Callable request verification passed\"}"}}
[info] >  {"promptLength":602,"prompt":"The child protagonist has the following appearance: A young child with black hair styled in two braids (with bows) and bangs, dark almond eyes, fair rosy skin, and a round face.. Children's book illustration for a Warm & Cozy children's story. Scene: Emma, with black hair in two braids tied with pink bows, dark almond eyes, fair rosy skin, and a round face, sits cross-legged on green grass under a blooming peach tree; golden sunlight filters through leaves as a white butterfly lands on a pink blossom nearby.. Style: warm, colorful, cartoon, soft lighting, friendly characters. A child named Emma.","severity":"INFO","message":"generateImage called"} {"user":{"promptLength":602,"prompt":"The child protagonist has the following appearance: A young child with black hair styled in two braids (with bows) and bangs, dark almond eyes, fair rosy skin, and a round face.. Children's book illustration for a Warm & Cozy children's story. Scene: Emma, with black hair in two braids tied with pink bows, dark almond eyes, fair rosy skin, and a round face, sits cross-legged on green grass under a blooming peach tree; golden sunlight filters through leaves as a white butterfly lands on a pink blossom nearby.. Style: warm, colorful, cartoon, soft lighting, friendly characters. A child named Emma.","severity":"INFO","message":"generateImage called"},"metadata":{"emulator":{"name":"functions"},"function":{"name":"asia-northeast1-generateImage"},"extension":{},"message":"\u001b[90m> \u001b[39m {\"promptLength\":602,\"prompt\":\"The child protagonist has the following appearance: A young child with black hair styled in two braids (with bows) and bangs, dark almond eyes, fair rosy skin, and a round face.. Children's book illustration for a Warm & Cozy children's story. Scene: Emma, with black hair in two braids tied with pink bows, dark almond eyes, fair rosy skin, and a round face, sits cross-legged on green grass under a blooming peach tree; golden sunlight filters through leaves as a white butterfly lands on a pink blossom nearby.. Style: warm, colorful, cartoon, soft lighting, friendly characters. A child named Emma.\",\"severity\":\"INFO\",\"message\":\"generateImage called\"}"}}
[info] >  {"b64Length":318112,"severity":"INFO","message":"generateImage success"} {"user":{"b64Length":318112,"severity":"INFO","message":"generateImage success"},"metadata":{"emulator":{"name":"functions"},"function":{"name":"asia-northeast1-generateImage"},"extension":{},"message":"\u001b[90m> \u001b[39m {\"b64Length\":318112,\"severity\":\"INFO\",\"message\":\"generateImage success\"}"}}
[debug] [2026-04-18T05:05:59.458Z] Finishing up request with event=pause {"metadata":{"emulator":{"name":"functions"},"function":{"name":"asia-northeast1-generateImage"},"extension":{},"message":"Finishing up request with event=pause"}}
[info] i  functions: Finished "asia-northeast1-generateImage" in 30194.711209ms {"metadata":{"emulator":{"name":"functions"},"function":{"name":"asia-northeast1-generateImage"},"extension":{},"message":"Finished \"asia-northeast1-generateImage\" in 30194.711209ms"}}
[debug] [2026-04-18T05:05:59.459Z] [worker-asia-northeast1-generateImage-f706c32f-dd60-4219-b9ff-6344fb3454fe]: IDLE {"metadata":{"emulator":{"name":"functions"},"function":{"name":"asia-northeast1-generateImage"},"extension":{},"message":"[worker-asia-northeast1-generateImage-f706c32f-dd60-4219-b9ff-6344fb3454fe]: IDLE"}}
[debug] [2026-04-18T05:05:59.460Z] Finishing up request with event=finish {"metadata":{"emulator":{"name":"functions"},"function":{"name":"asia-northeast1-generateImage"},"extension":{},"message":"Finishing up request with event=finish"}}
[debug] [2026-04-18T05:05:59.460Z] Finishing up request with event=close {"metadata":{"emulator":{"name":"functions"},"function":{"name":"asia-northeast1-generateImage"},"extension":{},"message":"Finishing up request with event=close"}}
[debug] [2026-04-18T05:05:59.460Z] [work-queue] {"queuedWork":[],"queueLength":0,"runningWork":[],"workRunningCount":0}
